** Drc report for Geist.kicad_pcb **
** Created on 2026-06-08T10:56:14+0530 **

** Found 4 DRC violations **
[starved_thermal]: Thermal relief connection to zone incomplete (layer F.Cu; zone min spoke count 2; actual 1)
    Local override; error
    @(110.0000 mm, 30.0000 mm): Zone [GND] on F.Cu, priority 1
    @(118.0450 mm, 35.7500 mm): Pad A1 [GND] of J1 on F.Cu
[starved_thermal]: Thermal relief connection to zone incomplete (layer F.Cu; zone min spoke count 2; actual 1)
    Local override; error
    @(110.0000 mm, 30.0000 mm): Zone [GND] on F.Cu, priority 1
    @(118.0450 mm, 35.7500 mm): Pad B12 [GND] of J1 on F.Cu
[starved_thermal]: Thermal relief connection to zone incomplete (layer F.Cu; zone min spoke count 2; actual 1)
    Local override; error
    @(110.0000 mm, 30.0000 mm): Zone [GND] on F.Cu, priority 1
    @(122.0000 mm, 47.0000 mm): Pad 2 [GND] of R2 on F.Cu
[lib_footprint_mismatch]: Footprint 'ESP32-S3-WROOM-1' does not match copy in library 'RF_Module'.
    Local override; warning (excluded)
    @(147.1000 mm, 43.1500 mm): Footprint U3

** Found 10 unconnected pads **
[unconnected_items]: Missing connection between items
    Local override; error
    @(121.0000 mm, 43.0000 mm): Pad 2 [GND] of C5 on F.Cu
    @(110.0000 mm, 30.0000 mm): Zone [GND] on F.Cu, priority 1
[unconnected_items]: Missing connection between items
    Local override; error
    @(110.0000 mm, 30.0000 mm): Zone [GND] on F.Cu, priority 1
    @(110.0000 mm, 30.0000 mm): Zone [GND] on B.Cu, priority 0
[unconnected_items]: Missing connection between items
    Local override; error
    @(110.0000 mm, 30.0000 mm): Zone [GND] on F.Cu, priority 1
    @(110.0000 mm, 30.0000 mm): Zone [GND] on B.Cu, priority 0
[unconnected_items]: Missing connection between items
    Local override; error
    @(143.0000 mm, 91.0375 mm): Pad 2 [GND] of C11 on F.Cu
    @(144.0000 mm, 94.0000 mm): Track [GND] on F.Cu, length 1.3364 mm
[unconnected_items]: Missing connection between items
    Local override; error
    @(146.8000 mm, 84.0000 mm): Pad 3 [GND] of U4 on F.Cu
    @(146.8000 mm, 87.9000 mm): Track [GND] on F.Cu, length 0.6500 mm
[unconnected_items]: Missing connection between items
    Local override; error
    @(146.8000 mm, 84.0000 mm): Pad 3 [GND] of U4 on F.Cu
    @(110.0000 mm, 30.0000 mm): Zone [GND] on F.Cu, priority 1
[unconnected_items]: Missing connection between items
    Local override; error
    @(152.5250 mm, 83.3500 mm): Pad 19 [GND] of U4 on F.Cu
    @(152.5250 mm, 85.3000 mm): Pad 16 [GND] of U4 on F.Cu
[unconnected_items]: Missing connection between items
    Local override; error
    @(152.5250 mm, 85.3000 mm): Pad 16 [GND] of U4 on F.Cu
    @(110.0000 mm, 30.0000 mm): Zone [GND] on F.Cu, priority 1
[unconnected_items]: Missing connection between items
    Local override; error
    @(155.0000 mm, 104.0375 mm): Pad 1 [GND] of C12 on F.Cu
    @(152.0000 mm, 106.0000 mm): Track [GND] on F.Cu, length 0.9821 mm
[unconnected_items]: Missing connection between items
    Local override; error
    @(142.0000 mm, 75.5000 mm): Track [+5V] on F.Cu, length 0.5381 mm
    @(140.1000 mm, 74.5000 mm): Track [+5V] on F.Cu, length 0.6000 mm

** Found 0 Footprint errors **

** End of Report **
